src/config/database.ts(1,22): error TS2307: Cannot find module 'mongoose' or its corresponding type declarations.
src/config/env.ts(1,24): error TS2307: Cannot find module 'dotenv' or its corresponding type declarations.
src/controllers/authController.ts(1,31): error TS2307: Cannot find module 'express' or its corresponding type declarations.
src/controllers/authController.ts(2,20): error TS2307: Cannot find module 'bcryptjs' or its corresponding type declarations.
src/controllers/authController.ts(9,22): error TS2307: Cannot find module 'mongoose' or its corresponding type declarations.
src/controllers/authController.ts(12,49): error TS2339: Property 'body' does not exist on type 'AuthRequest'.
src/controllers/authController.ts(79,46): error TS2339: Property 'body' does not exist on type 'AuthRequest'.
src/controllers/profileController.ts(1,31): error TS2307: Cannot find module 'express' or its corresponding type declarations.
src/controllers/profileController.ts(7,22): error TS2307: Cannot find module 'mongoose' or its corresponding type declarations.
src/controllers/profileController.ts(66,48): error TS2339: Property 'body' does not exist on type 'AuthRequest'.
src/index.ts(1,25): error TS2307: Cannot find module 'dotenv' or its corresponding type declarations.
src/index.ts(4,54): error TS2307: Cannot find module 'express' or its corresponding type declarations.
src/index.ts(6,18): error TS2307: Cannot find module 'cors' or its corresponding type declarations.
src/index.ts(7,20): error TS2307: Cannot find module 'helmet' or its corresponding type declarations.
src/index.ts(8,25): error TS2307: Cannot find module 'compression' or its corresponding type declarations.
src/index.ts(9,23): error TS2307: Cannot find module 'express-rate-limit' or its corresponding type declarations.
src/index.ts(10,20): error TS2307: Cannot find module 'morgan' or its corresponding type declarations.
src/loadEnv.ts(1,24): error TS2307: Cannot find module 'dotenv' or its corresponding type declarations.
src/middleware/auth.ts(1,54): error TS2307: Cannot find module 'express' or its corresponding type declarations.
src/middleware/auth.ts(14,40): error TS2339: Property 'headers' does not exist on type 'AuthRequest'.
src/middleware/auth.ts(38,40): error TS2339: Property 'headers' does not exist on type 'AuthRequest'.
src/models/PriceAlert.ts(1,58): error TS2307: Cannot find module 'mongoose' or its corresponding type declarations.
src/models/User.ts(1,58): error TS2307: Cannot find module 'mongoose' or its corresponding type declarations.
src/routes/authRoutes.ts(1,21): error TS2307: Cannot find module 'express' or its corresponding type declarations.
src/routes/profileRoutes.ts(1,21): error TS2307: Cannot find module 'express' or its corresponding type declarations.
src/routes/userRoutes.ts(1,44): error TS2307: Cannot find module 'express' or its corresponding type declarations.
src/services/WebSocketManager.ts(2,32): error TS2307: Cannot find module 'socket.io' or its corresponding type declarations.
src/services/WebSocketManager.ts(3,10): error TS2459: Module '"../middleware/auth.js"' declares 'verifyToken' locally, but it is not exported.
src/services/WebSocketManager.ts(23,24): error TS7006: Parameter 'socket' implicitly has an 'any' type.
src/services/WebSocketManager.ts(23,32): error TS7006: Parameter 'next' implicitly has an 'any' type.
src/services/WebSocketManager.ts(51,40): error TS7006: Parameter 'data' implicitly has an 'any' type.
src/services/WebSocketManager.ts(61,43): error TS7006: Parameter 'data' implicitly has an 'any' type.
src/services/WebSocketManager.ts(70,42): error TS7006: Parameter 'data' implicitly has an 'any' type.
src/utils/jwt.ts(1,17): error TS2307: Cannot find module 'jsonwebtoken' or its corresponding type declarations.
src/utils/validation.ts(1,19): error TS2307: Cannot find module 'zod' or its corresponding type declarations.
